Nothing to build in platform 'AudioProcessing'

13:16:03 **** Incremental Build of configuration Debug for project Audio_Synthesizer_App ****
make -j16 all 
make --no-print-directory pre-build
a9-linaro-pre-build-step
' '
make --no-print-directory main-build
'Building file: ../src/sine_generator.c'
'Invoking: ARM v7 gcc compiler'
arm-none-eabi-gcc -DDISABLEFLOAT16 -DARM_MATH_NEON -Wall -O0 -g3 -IC:/Users/jvand/workspace/AUDIO_Synthesizer/Audio_Synthesizer/AudioProcessing/export/AudioProcessing/sw/AudioProcessing/standalone_ps7_cortexa9_0/bspinclude/include -I"C:\Users\jvand\workspace\AUDIO_Synthesizer\Audio_Synthesizer\Audio_Synthesizer_App\src\ComputeLibrary" -I"C:\Users\jvand\workspace\AUDIO_Synthesizer\Audio_Synthesizer\Audio_Synthesizer_App\src\Include" -I"C:\Users\jvand\workspace\AUDIO_Synthesizer\Audio_Synthesizer\Audio_Synthesizer_App\src\PrivateInclude" -I"C:\Users\jvand\workspace\AUDIO_Synthesizer\Audio_Synthesizer\Audio_Synthesizer_App\src\Source" -I"C:\Users\jvand\workspace\AUDIO_Synthesizer\Audio_Synthesizer\Audio_Synthesizer_App\src\ComputeLibrary\Include" -I"C:\Users\jvand\workspace\AUDIO_Synthesizer\Audio_Synthesizer\Audio_Synthesizer_App\src\Include\dsp" -c -fmessage-length=0 -MT"src/sine_generator.o" -mcpu=cortex-a9 -mfpu=neon-vfpv4 -mfloat-abi=hard -MMD -MP -MF"src/sine_generator.d" -MT"src/sine_generator.o" -o "src/sine_generator.o" "../src/sine_generator.c"
'Finished building: ../src/sine_generator.c'
' '
'Building target: Audio_Synthesizer_App.elf'
'Invoking: ARM v7 gcc linker'
'Finished building target: Audio_Synthesizer_App.elf'
' '
'Invoking: ARM v7 Print Size'
arm-none-eabi-size Audio_Synthesizer_App.elf  |tee "Audio_Synthesizer_App.elf.size"
   text	   data	    bss	    dec	    hex	filename
1571501	   2992	  23488	1597981	 18621d	Audio_Synthesizer_App.elf
'Finished building: Audio_Synthesizer_App.elf.size'
' '
